Archive member included to satisfy reference by file (symbol)

/app/stm32cubeide/plugins/com.st.stm32cube.ide.mcu.externaltools.gnu-tools-for-stm32.10.3-2021.10.linux64_1.0.200.202301161003/tools/bin/../lib/gcc/arm-none-eabi/10.3.1/../../../../arm-none-eabi/lib/thumb/v7e-m/nofp/libc_nano.a(lib_a-errno.o)
                              ./Src/syscalls.o (__errno)
/app/stm32cubeide/plugins/com.st.stm32cube.ide.mcu.externaltools.gnu-tools-for-stm32.10.3-2021.10.linux64_1.0.200.202301161003/tools/bin/../lib/gcc/arm-none-eabi/10.3.1/../../../../arm-none-eabi/lib/thumb/v7e-m/nofp/libc_nano.a(lib_a-exit.o)
                              /app/stm32cubeide/plugins/com.st.stm32cube.ide.mcu.externaltools.gnu-tools-for-stm32.10.3-2021.10.linux64_1.0.200.202301161003/tools/bin/../lib/gcc/arm-none-eabi/10.3.1/../../../../arm-none-eabi/lib/thumb/v7e-m/nofp/crt0.o (exit)
/app/stm32cubeide/plugins/com.st.stm32cube.ide.mcu.externaltools.gnu-tools-for-stm32.10.3-2021.10.linux64_1.0.200.202301161003/tools/bin/../lib/gcc/arm-none-eabi/10.3.1/../../../../arm-none-eabi/lib/thumb/v7e-m/nofp/libc_nano.a(lib_a-impure.o)
                              /app/stm32cubeide/plugins/com.st.stm32cube.ide.mcu.externaltools.gnu-tools-for-stm32.10.3-2021.10.linux64_1.0.200.202301161003/tools/bin/../lib/gcc/arm-none-eabi/10.3.1/../../../../arm-none-eabi/lib/thumb/v7e-m/nofp/libc_nano.a(lib_a-exit.o) (_global_impure_ptr)
/app/stm32cubeide/plugins/com.st.stm32cube.ide.mcu.externaltools.gnu-tools-for-stm32.10.3-2021.10.linux64_1.0.200.202301161003/tools/bin/../lib/gcc/arm-none-eabi/10.3.1/../../../../arm-none-eabi/lib/thumb/v7e-m/nofp/libc_nano.a(lib_a-init.o)
                              /app/stm32cubeide/plugins/com.st.stm32cube.ide.mcu.externaltools.gnu-tools-for-stm32.10.3-2021.10.linux64_1.0.200.202301161003/tools/bin/../lib/gcc/arm-none-eabi/10.3.1/../../../../arm-none-eabi/lib/thumb/v7e-m/nofp/crt0.o (__libc_init_array)
/app/stm32cubeide/plugins/com.st.stm32cube.ide.mcu.externaltools.gnu-tools-for-stm32.10.3-2021.10.linux64_1.0.200.202301161003/tools/bin/../lib/gcc/arm-none-eabi/10.3.1/../../../../arm-none-eabi/lib/thumb/v7e-m/nofp/libc_nano.a(lib_a-memset.o)
                              /app/stm32cubeide/plugins/com.st.stm32cube.ide.mcu.externaltools.gnu-tools-for-stm32.10.3-2021.10.linux64_1.0.200.202301161003/tools/bin/../lib/gcc/arm-none-eabi/10.3.1/../../../../arm-none-eabi/lib/thumb/v7e-m/nofp/crt0.o (memset)

Discarded input sections

 .text          0x0000000000000000        0x0 /app/stm32cubeide/plugins/com.st.stm32cube.ide.mcu.externaltools.gnu-tools-for-stm32.10.3-2021.10.linux64_1.0.200.202301161003/tools/bin/../lib/gcc/arm-none-eabi/10.3.1/thumb/v7e-m/nofp/crti.o
 .data          0x0000000000000000        0x0 /app/stm32cubeide/plugins/com.st.stm32cube.ide.mcu.externaltools.gnu-tools-for-stm32.10.3-2021.10.linux64_1.0.200.202301161003/tools/bin/../lib/gcc/arm-none-eabi/10.3.1/thumb/v7e-m/nofp/crti.o
 .bss           0x0000000000000000        0x0 /app/stm32cubeide/plugins/com.st.stm32cube.ide.mcu.externaltools.gnu-tools-for-stm32.10.3-2021.10.linux64_1.0.200.202301161003/tools/bin/../lib/gcc/arm-none-eabi/10.3.1/thumb/v7e-m/nofp/crti.o
 .data          0x0000000000000000        0x4 /app/stm32cubeide/plugins/com.st.stm32cube.ide.mcu.externaltools.gnu-tools-for-stm32.10.3-2021.10.linux64_1.0.200.202301161003/tools/bin/../lib/gcc/arm-none-eabi/10.3.1/thumb/v7e-m/nofp/crtbegin.o
 .rodata        0x0000000000000000       0x24 /app/stm32cubeide/plugins/com.st.stm32cube.ide.mcu.externaltools.gnu-tools-for-stm32.10.3-2021.10.linux64_1.0.200.202301161003/tools/bin/../lib/gcc/arm-none-eabi/10.3.1/thumb/v7e-m/nofp/crtbegin.o
 .text          0x0000000000000000       0x7c /app/stm32cubeide/plugins/com.st.stm32cube.ide.mcu.externaltools.gnu-tools-for-stm32.10.3-2021.10.linux64_1.0.200.202301161003/tools/bin/../lib/gcc/arm-none-eabi/10.3.1/../../../../arm-none-eabi/lib/thumb/v7e-m/nofp/crt0.o
 .data          0x0000000000000000        0x0 /app/stm32cubeide/plugins/com.st.stm32cube.ide.mcu.externaltools.gnu-tools-for-stm32.10.3-2021.10.linux64_1.0.200.202301161003/tools/bin/../lib/gcc/arm-none-eabi/10.3.1/../../../../arm-none-eabi/lib/thumb/v7e-m/nofp/crt0.o
 .bss           0x0000000000000000        0x0 /app/stm32cubeide/plugins/com.st.stm32cube.ide.mcu.externaltools.gnu-tools-for-stm32.10.3-2021.10.linux64_1.0.200.202301161003/tools/bin/../lib/gcc/arm-none-eabi/10.3.1/../../../../arm-none-eabi/lib/thumb/v7e-m/nofp/crt0.o
 .ARM.extab     0x0000000000000000        0x0 /app/stm32cubeide/plugins/com.st.stm32cube.ide.mcu.externaltools.gnu-tools-for-stm32.10.3-2021.10.linux64_1.0.200.202301161003/tools/bin/../lib/gcc/arm-none-eabi/10.3.1/../../../../arm-none-eabi/lib/thumb/v7e-m/nofp/crt0.o
 .ARM.exidx     0x0000000000000000       0x10 /app/stm32cubeide/plugins/com.st.stm32cube.ide.mcu.externaltools.gnu-tools-for-stm32.10.3-2021.10.linux64_1.0.200.202301161003/tools/bin/../lib/gcc/arm-none-eabi/10.3.1/../../../../arm-none-eabi/lib/thumb/v7e-m/nofp/crt0.o
[...]
Memory Configuration

Name             Origin             Length             Attributes
CCMRAM           0x0000000010000000 0x0000000000010000 xrw
RAM              0x0000000020000000 0x0000000000020000 xrw
FLASH            0x0000000008000000 0x0000000000100000 xr
*default*        0x0000000000000000 0xffffffffffffffff

Linker script and memory map

LOAD /app/stm32cubeide/plugins/com.st.stm32cube.ide.mcu.externaltools.gnu-tools-for-stm32.10.3-2021.10.linux64_1.0.200.202301161003/tools/bin/../lib/gcc/arm-none-eabi/10.3.1/thumb/v7e-m/nofp/crti.o
LOAD /app/stm32cubeide/plugins/com.st.stm32cube.ide.mcu.externaltools.gnu-tools-for-stm32.10.3-2021.10.linux64_1.0.200.202301161003/tools/bin/../lib/gcc/arm-none-eabi/10.3.1/thumb/v7e-m/nofp/crtbegin.o
LOAD /app/stm32cubeide/plugins/com.st.stm32cube.ide.mcu.externaltools.gnu-tools-for-stm32.10.3-2021.10.linux64_1.0.200.202301161003/tools/bin/../lib/gcc/arm-none-eabi/10.3.1/../../../../arm-none-eabi/lib/thumb/v7e-m/nofp/crt0.o
LOAD ./Src/001led_Toggle.o
LOAD ./Src/syscalls.o
LOAD ./Src/sysmem.o
LOAD ./Startup/startup_stm32f407vgtx.o
LOAD ./bsp/ds1307.o
LOAD ./bsp/keypad.o
LOAD ./bsp/lcd.o
LOAD ./drivers/Src/stm32f407xx_gpio_driver.o
LOAD ./drivers/Src/stm32f407xx_i2c_driver.o
LOAD ./drivers/Src/stm32f407xx_rcc_driver.o
LOAD ./drivers/Src/stm32f407xx_spi_driver.o
LOAD ./drivers/Src/stm32f407xx_usart_driver.o
START GROUP
LOAD /app/stm32cubeide/plugins/com.st.stm32cube.ide.mcu.externaltools.gnu-tools-for-stm32.10.3-2021.10.linux64_1.0.200.202301161003/tools/bin/../lib/gcc/arm-none-eabi/10.3.1/../../../../arm-none-eabi/lib/thumb/v7e-m/nofp/libc_nano.a
LOAD /app/stm32cubeide/plugins/com.st.stm32cube.ide.mcu.externaltools.gnu-tools-for-stm32.10.3-2021.10.linux64_1.0.200.202301161003/tools/bin/../lib/gcc/arm-none-eabi/10.3.1/../../../../arm-none-eabi/lib/thumb/v7e-m/nofp/libm.a
END GROUP
START GROUP
LOAD /app/stm32cubeide/plugins/com.st.stm32cube.ide.mcu.externaltools.gnu-tools-for-stm32.10.3-2021.10.linux64_1.0.200.202301161003/tools/bin/../lib/gcc/arm-none-eabi/10.3.1/thumb/v7e-m/nofp/libgcc.a
LOAD /app/stm32cubeide/plugins/com.st.stm32cube.ide.mcu.externaltools.gnu-tools-for-stm32.10.3-2021.10.linux64_1.0.200.202301161003/tools/bin/../lib/gcc/arm-none-eabi/10.3.1/../../../../arm-none-eabi/lib/thumb/v7e-m/nofp/libc_nano.a
END GROUP
START GROUP
LOAD /app/stm32cubeide/plugins/com.st.stm32cube.ide.mcu.externaltools.gnu-tools-for-stm32.10.3-2021.10.linux64_1.0.200.202301161003/tools/bin/../lib/gcc/arm-none-eabi/10.3.1/thumb/v7e-m/nofp/libgcc.a
LOAD /app/stm32cubeide/plugins/com.st.stm32cube.ide.mcu.externaltools.gnu-tools-for-stm32.10.3-2021.10.linux64_1.0.200.202301161003/tools/bin/../lib/gcc/arm-none-eabi/10.3.1/../../../../arm-none-eabi/lib/thumb/v7e-m/nofp/libc_nano.a
LOAD /app/stm32cubeide/plugins/com.st.stm32cube.ide.mcu.externaltools.gnu-tools-for-stm32.10.3-2021.10.linux64_1.0.200.202301161003/tools/bin/../lib/gcc/arm-none-eabi/10.3.1/../../../../arm-none-eabi/lib/thumb/v7e-m/nofp/libnosys.a
END GROUP
START GROUP
LOAD /app/stm32cubeide/plugins/com.st.stm32cube.ide.mcu.externaltools.gnu-tools-for-stm32.10.3-2021.10.linux64_1.0.200.202301161003/tools/bin/../lib/gcc/arm-none-eabi/10.3.1/thumb/v7e-m/nofp/libgcc.a
LOAD /app/stm32cubeide/plugins/com.st.stm32cube.ide.mcu.externaltools.gnu-tools-for-stm32.10.3-2021.10.linux64_1.0.200.202301161003/tools/bin/../lib/gcc/arm-none-eabi/10.3.1/../../../../arm-none-eabi/lib/thumb/v7e-m/nofp/libc_nano.a
LOAD /app/stm32cubeide/plugins/com.st.stm32cube.ide.mcu.externaltools.gnu-tools-for-stm32.10.3-2021.10.linux64_1.0.200.202301161003/tools/bin/../lib/gcc/arm-none-eabi/10.3.1/../../../../arm-none-eabi/lib/thumb/v7e-m/nofp/libnosys.a
END GROUP
LOAD /app/stm32cubeide/plugins/com.st.stm32cube.ide.mcu.externaltools.gnu-tools-for-stm32.10.3-2021.10.linux64_1.0.200.202301161003/tools/bin/../lib/gcc/arm-none-eabi/10.3.1/thumb/v7e-m/nofp/crtend.o
LOAD /app/stm32cubeide/plugins/com.st.stm32cube.ide.mcu.externaltools.gnu-tools-for-stm32.10.3-2021.10.linux64_1.0.200.202301161003/tools/bin/../lib/gcc/arm-none-eabi/10.3.1/thumb/v7e-m/nofp/crtn.o
                0x0000000020020000                _estack = (ORIGIN (RAM) + LENGTH (RAM))
                0x0000000000000200                _Min_Heap_Size = 0x200
                0x0000000000000400                _Min_Stack_Size = 0x400

.isr_vector     0x0000000008000000      0x1a8
                0x0000000008000000                . = ALIGN (0x4)
 *(.isr_vector)
 .isr_vector    0x0000000008000000      0x1a8 ./Startup/startup_stm32f407vgtx.o
                0x0000000008000000                g_pfnVectors
                0x00000000080001a8                . = ALIGN (0x4)

.text           0x00000000080001a8      0x690
                0x00000000080001a8                . = ALIGN (0x4)
 *(.text)
 .text          0x00000000080001a8       0x40 /app/stm32cubeide/plugins/com.st.stm32cube.ide.mcu.externaltools.gnu-tools-for-stm32.10.3-2021.10.linux64_1.0.200.202301161003/tools/bin/../lib/gcc/arm-none-eabi/10.3.1/thumb/v7e-m/nofp/crtbegin.o
 *(.text*)
 .text.delay    0x00000000080001e8       0x2c ./Src/001led_Toggle.o
 .text.main     0x0000000008000214       0x40 ./Src/001led_Toggle.o
                0x0000000008000214                main
 .text.Reset_Handler
                0x0000000008000254       0x50 ./Startup/startup_stm32f407vgtx.o
                0x0000000008000254                Reset_Handler
 .text.Default_Handler
                0x00000000080002a4        0x2 ./Startup/startup_stm32f407vgtx.o
                0x00000000080002a4                RTC_Alarm_IRQHandler
                0x00000000080002a4                HASH_RNG_IRQHandler
                0x00000000080002a4                EXTI2_IRQHandler
                0x00000000080002a4                TIM8_CC_IRQHandler
                0x00000000080002a4                DebugMon_Handler
                0x00000000080002a4                TIM1_CC_IRQHandler
                0x00000000080002a4                DMA2_Stream5_IRQHandler
                0x00000000080002a4                HardFault_Handler
                0x00000000080002a4                DMA1_Stream5_IRQHandler
                0x00000000080002a4                SysTick_Handler
                0x00000000080002a4                PVD_IRQHandler
                0x00000000080002a4                SDIO_IRQHandler
                0x00000000080002a4                TAMP_STAMP_IRQHandler
                0x00000000080002a4                PendSV_Handler
                0x00000000080002a4                NMI_Handler
                0x00000000080002a4                CAN2_RX1_IRQHandler
                0x00000000080002a4                EXTI3_IRQHandler
                0x00000000080002a4                TIM8_TRG_COM_TIM14_IRQHandler
                0x00000000080002a4                TIM1_UP_TIM10_IRQHandler
                0x00000000080002a4                TIM8_UP_TIM13_IRQHandler
                0x00000000080002a4                I2C3_ER_IRQHandler
                0x00000000080002a4                LCD_TFT_IRQHandler
                0x00000000080002a4                EXTI0_IRQHandler
                0x00000000080002a4                I2C2_EV_IRQHandler
                0x00000000080002a4                DMA1_Stream2_IRQHandler
                0x00000000080002a4                CAN1_RX0_IRQHandler
                0x00000000080002a4                FPU_IRQHandler
                0x00000000080002a4                OTG_HS_WKUP_IRQHandler
                0x00000000080002a4                UsageFault_Handler
                0x00000000080002a4                CAN2_SCE_IRQHandler
                0x00000000080002a4                DMA2_Stream2_IRQHandler
                0x00000000080002a4                SPI1_IRQHandler
                0x00000000080002a4                TIM6_DAC_IRQHandler
                0x00000000080002a4                TIM1_BRK_TIM9_IRQHandler
                0x00000000080002a4                DCMI_IRQHandler
                0x00000000080002a4                CAN2_RX0_IRQHandler
                0x00000000080002a4                DMA2_Stream3_IRQHandler
                0x00000000080002a4                USART6_IRQHandler
                0x00000000080002a4                USART3_IRQHandler
                0x00000000080002a4                CRYP_IRQHandler
                0x00000000080002a4                CAN1_RX1_IRQHandler
                0x00000000080002a4                UART5_IRQHandler
                0x00000000080002a4                DMA2_Stream0_IRQHandler
                0x00000000080002a4                TIM4_IRQHandler
                0x00000000080002a4                I2C1_EV_IRQHandler
                0x00000000080002a4                DMA1_Stream6_IRQHandler
                0x00000000080002a4                DMA1_Stream1_IRQHandler
                0x00000000080002a4                UART4_IRQHandler
                0x00000000080002a4                LCD_TFT_1_IRQHandler
                0x00000000080002a4                TIM3_IRQHandler
                0x00000000080002a4                RCC_IRQHandler
                0x00000000080002a4                TIM8_BRK_TIM12_IRQHandler
                0x00000000080002a4                Default_Handler
                0x00000000080002a4                EXTI15_10_IRQHandler
                0x00000000080002a4                ADC_IRQHandler
                0x00000000080002a4                DMA1_Stream7_IRQHandler
                0x00000000080002a4                TIM7_IRQHandler
                0x00000000080002a4                CAN2_TX_IRQHandler
                0x00000000080002a4                TIM5_IRQHandler
                0x00000000080002a4                DMA2_Stream7_IRQHandler
                0x00000000080002a4                I2C3_EV_IRQHandler
                0x00000000080002a4                EXTI9_5_IRQHandler
                0x00000000080002a4                RTC_WKUP_IRQHandler
                0x00000000080002a4                ETH_WKUP_IRQHandler
                0x00000000080002a4                SPI2_IRQHandler
                0x00000000080002a4                OTG_HS_EP1_IN_IRQHandler
                0x00000000080002a4                MemManage_Handler
                0x00000000080002a4                DMA1_Stream0_IRQHandler
                0x00000000080002a4                CAN1_TX_IRQHandler
                0x00000000080002a4                SVC_Handler
                0x00000000080002a4                EXTI4_IRQHandler
                0x00000000080002a4                FSMC_IRQHandler
                0x00000000080002a4                ETH_IRQHandler
                0x00000000080002a4                OTG_HS_EP1_OUT_IRQHandler
                0x00000000080002a4                WWDG_IRQHandler
                0x00000000080002a4                TIM2_IRQHandler
                0x00000000080002a4                OTG_FS_WKUP_IRQHandler
                0x00000000080002a4                TIM1_TRG_COM_TIM11_IRQHandler
                0x00000000080002a4                OTG_HS_IRQHandler
                0x00000000080002a4                EXTI1_IRQHandler
                0x00000000080002a4                USART2_IRQHandler
                0x00000000080002a4                I2C2_ER_IRQHandler
                0x00000000080002a4                DMA2_Stream1_IRQHandler
                0x00000000080002a4                CAN1_SCE_IRQHandler
                0x00000000080002a4                DMA2_Stream4_IRQHandler
                0x00000000080002a4                BusFault_Handler
                0x00000000080002a4                USART1_IRQHandler
                0x00000000080002a4                OTG_FS_IRQHandler
                0x00000000080002a4                SPI3_IRQHandler
                0x00000000080002a4                DMA1_Stream4_IRQHandler
                0x00000000080002a4                I2C1_ER_IRQHandler
                0x00000000080002a4                DMA2_Stream6_IRQHandler
                0x00000000080002a4                DMA1_Stream3_IRQHandler
 *fill*         0x00000000080002a6        0x2 
 .text.GPIO_PeripheralClockControl
                0x00000000080002a8      0x1d4 ./drivers/Src/stm32f407xx_gpio_driver.o
                0x00000000080002a8                GPIO_PeripheralClockControl
 .text.GPIO_Init
                0x000000000800047c      0x334 ./drivers/Src/stm32f407xx_gpio_driver.o
                0x000000000800047c                GPIO_Init
 .text.GPIO_ToggleOutputPin
                0x00000000080007b0       0x28 ./drivers/Src/stm32f407xx_gpio_driver.o
                0x00000000080007b0                GPIO_ToggleOutputPin
 .text.__libc_init_array
                0x00000000080007d8       0x48 /app/stm32cubeide/plugins/com.st.stm32cube.ide.mcu.externaltools.gnu-tools-for-stm32.10.3-2021.10.linux64_1.0.200.202301161003/tools/bin/../lib/gcc/arm-none-eabi/10.3.1/../../../../arm-none-eabi/lib/thumb/v7e-m/nofp/libc_nano.a(lib_a-init.o)
                0x00000000080007d8                __libc_init_array
 *(.glue_7)
 .glue_7        0x0000000008000820        0x0 linker stubs
 *(.glue_7t)
 .glue_7t       0x0000000008000820        0x0 linker stubs
 *(.eh_frame)
 .eh_frame      0x0000000008000820        0x0 /app/stm32cubeide/plugins/com.st.stm32cube.ide.mcu.externaltools.gnu-tools-for-stm32.10.3-2021.10.linux64_1.0.200.202301161003/tools/bin/../lib/gcc/arm-none-eabi/10.3.1/thumb/v7e-m/nofp/crtbegin.o
 *(.init)
 .init          0x0000000008000820        0x4 /app/stm32cubeide/plugins/com.st.stm32cube.ide.mcu.externaltools.gnu-tools-for-stm32.10.3-2021.10.linux64_1.0.200.202301161003/tools/bin/../lib/gcc/arm-none-eabi/10.3.1/thumb/v7e-m/nofp/crti.o
                0x0000000008000820                _init
 .init          0x0000000008000824        0x8 /app/stm32cubeide/plugins/com.st.stm32cube.ide.mcu.externaltools.gnu-tools-for-stm32.10.3-2021.10.linux64_1.0.200.202301161003/tools/bin/../lib/gcc/arm-none-eabi/10.3.1/thumb/v7e-m/nofp/crtn.o
 *(.fini)
 .fini          0x000000000800082c        0x4 /app/stm32cubeide/plugins/com.st.stm32cube.ide.mcu.externaltools.gnu-tools-for-stm32.10.3-2021.10.linux64_1.0.200.202301161003/tools/bin/../lib/gcc/arm-none-eabi/10.3.1/thumb/v7e-m/nofp/crti.o
                0x000000000800082c                _fini
 .fini          0x0000000008000830        0x8 /app/stm32cubeide/plugins/com.st.stm32cube.ide.mcu.externaltools.gnu-tools-for-stm32.10.3-2021.10.linux64_1.0.200.202301161003/tools/bin/../lib/gcc/arm-none-eabi/10.3.1/thumb/v7e-m/nofp/crtn.o
                0x0000000008000838                . = ALIGN (0x4)
                0x0000000008000838                _etext = .

.vfp11_veneer   0x0000000008000838        0x0
 .vfp11_veneer  0x0000000008000838        0x0 linker stubs

.v4_bx          0x0000000008000838        0x0
 .v4_bx         0x0000000008000838        0x0 linker stubs

.iplt           0x0000000008000838        0x0
 .iplt          0x0000000008000838        0x0 /app/stm32cubeide/plugins/com.st.stm32cube.ide.mcu.externaltools.gnu-tools-for-stm32.10.3-2021.10.linux64_1.0.200.202301161003/tools/bin/../lib/gcc/arm-none-eabi/10.3.1/thumb/v7e-m/nofp/crtbegin.o

.rel.dyn        0x0000000008000838        0x0
 .rel.iplt      0x0000000008000838        0x0 /app/stm32cubeide/plugins/com.st.stm32cube.ide.mcu.externaltools.gnu-tools-for-stm32.10.3-2021.10.linux64_1.0.200.202301161003/tools/bin/../lib/gcc/arm-none-eabi/10.3.1/thumb/v7e-m/nofp/crtbegin.o

.rodata         0x0000000008000838        0x0
                0x0000000008000838                . = ALIGN (0x4)
 *(.rodata)
 *(.rodata*)
                0x0000000008000838                . = ALIGN (0x4)

.ARM.extab      0x0000000008000838        0x0
                0x0000000008000838                . = ALIGN (0x4)
 *(.ARM.extab* .gnu.linkonce.armextab.*)
                0x0000000008000838                . = ALIGN (0x4)

.ARM            0x0000000008000838        0x0
                0x0000000008000838                . = ALIGN (0x4)
                0x0000000008000838                __exidx_start = .
 *(.ARM.exidx*)
                0x0000000008000838                __exidx_end = .
                0x0000000008000838                . = ALIGN (0x4)

.preinit_array  0x0000000008000838        0x0
                0x0000000008000838                . = ALIGN (0x4)
                0x0000000008000838                PROVIDE (__preinit_array_start = .)
 *(.preinit_array*)
                0x0000000008000838                PROVIDE (__preinit_array_end = .)
                0x0000000008000838                . = ALIGN (0x4)

.init_array     0x0000000008000838        0x4
                0x0000000008000838                . = ALIGN (0x4)
                0x0000000008000838                PROVIDE (__init_array_start = .)
 *(SORT_BY_NAME(.init_array.*))
 *(.init_array*)
 .init_array    0x0000000008000838        0x4 /app/stm32cubeide/plugins/com.st.stm32cube.ide.mcu.externaltools.gnu-tools-for-stm32.10.3-2021.10.linux64_1.0.200.202301161003/tools/bin/../lib/gcc/arm-none-eabi/10.3.1/thumb/v7e-m/nofp/crtbegin.o
                0x000000000800083c                PROVIDE (__init_array_end = .)
                0x000000000800083c                . = ALIGN (0x4)

.fini_array     0x000000000800083c        0x4
                0x000000000800083c                . = ALIGN (0x4)
                [!provide]                        PROVIDE (__fini_array_start = .)
 *(SORT_BY_NAME(.fini_array.*))
 *(.fini_array*)
 .fini_array    0x000000000800083c        0x4 /app/stm32cubeide/plugins/com.st.stm32cube.ide.mcu.externaltools.gnu-tools-for-stm32.10.3-2021.10.linux64_1.0.200.202301161003/tools/bin/../lib/gcc/arm-none-eabi/10.3.1/thumb/v7e-m/nofp/crtbegin.o
                [!provide]                        PROVIDE (__fini_array_end = .)
                0x0000000008000840                . = ALIGN (0x4)
                0x0000000008000840                _sidata = LOADADDR (.data)

.data           0x0000000020000000        0x0 load address 0x0000000008000840
                0x0000000020000000                . = ALIGN (0x4)
                0x0000000020000000                _sdata = .
 *(.data)
 *(.data*)
 *(.RamFunc)
 *(.RamFunc*)
                0x0000000020000000                . = ALIGN (0x4)
                0x0000000020000000                _edata = .
                0x0000000008000840                _siccmram = LOADADDR (.ccmram)

.igot.plt       0x0000000020000000        0x0 load address 0x0000000008000840
 .igot.plt      0x0000000020000000        0x0 /app/stm32cubeide/plugins/com.st.stm32cube.ide.mcu.externaltools.gnu-tools-for-stm32.10.3-2021.10.linux64_1.0.200.202301161003/tools/bin/../lib/gcc/arm-none-eabi/10.3.1/thumb/v7e-m/nofp/crtbegin.o

.ccmram         0x0000000010000000        0x0 load address 0x0000000008000840
                0x0000000010000000                . = ALIGN (0x4)
                0x0000000010000000                _sccmram = .
 *(.ccmram)
 *(.ccmram*)
                0x0000000010000000                . = ALIGN (0x4)
                0x0000000010000000                _eccmram = .
                0x0000000010000000                . = ALIGN (0x4)

.bss            0x0000000020000000       0x1c
                0x0000000020000000                _sbss = .
                0x0000000020000000                __bss_start__ = _sbss
 *(.bss)
 .bss           0x0000000020000000       0x1c /app/stm32cubeide/plugins/com.st.stm32cube.ide.mcu.externaltools.gnu-tools-for-stm32.10.3-2021.10.linux64_1.0.200.202301161003/tools/bin/../lib/gcc/arm-none-eabi/10.3.1/thumb/v7e-m/nofp/crtbegin.o
 *(.bss*)
 *(COMMON)
                0x000000002000001c                . = ALIGN (0x4)
                0x000000002000001c                _ebss = .
                0x000000002000001c                __bss_end__ = _ebss

._user_heap_stack
                0x000000002000001c      0x604
                0x0000000020000020                . = ALIGN (0x8)
 *fill*         0x000000002000001c        0x4 
                [!provide]                        PROVIDE (end = .)
                0x0000000020000020                PROVIDE (_end = .)
                0x0000000020000220                . = (. + _Min_Heap_Size)
 *fill*         0x0000000020000020      0x200 
                0x0000000020000620                . = (. + _Min_Stack_Size)
 *fill*         0x0000000020000220      0x400 
                0x0000000020000620                . = ALIGN (0x8)

/DISCARD/
 libc.a(*)
 libm.a(*)
 libgcc.a(*)

.ARM.attributes
                0x0000000000000000       0x2a
 *(.ARM.attributes)
 .ARM.attributes
                0x0000000000000000       0x1e /app/stm32cubeide/plugins/com.st.stm32cube.ide.mcu.externaltools.gnu-tools-for-stm32.10.3-2021.10.linux64_1.0.200.202301161003/tools/bin/../lib/gcc/arm-none-eabi/10.3.1/thumb/v7e-m/nofp/crti.o
 .ARM.attributes
                0x000000000000001e       0x2e /app/stm32cubeide/plugins/com.st.stm32cube.ide.mcu.externaltools.gnu-tools-for-stm32.10.3-2021.10.linux64_1.0.200.202301161003/tools/bin/../lib/gcc/arm-none-eabi/10.3.1/thumb/v7e-m/nofp/crtbegin.o
 .ARM.attributes
                0x000000000000004c       0x2e ./Src/001led_Toggle.o
 .ARM.attributes
                0x000000000000007a       0x21 ./Startup/startup_stm32f407vgtx.o
 .ARM.attributes
                0x000000000000009b       0x2e ./drivers/Src/stm32f407xx_gpio_driver.o
 .ARM.attributes
                0x00000000000000c9       0x2e /app/stm32cubeide/plugins/com.st.stm32cube.ide.mcu.externaltools.gnu-tools-for-stm32.10.3-2021.10.linux64_1.0.200.202301161003/tools/bin/../lib/gcc/arm-none-eabi/10.3.1/../../../../arm-none-eabi/lib/thumb/v7e-m/nofp/libc_nano.a(lib_a-init.o)
 .ARM.attributes
                0x00000000000000f7       0x1e /app/stm32cubeide/plugins/com.st.stm32cube.ide.mcu.externaltools.gnu-tools-for-stm32.10.3-2021.10.linux64_1.0.200.202301161003/tools/bin/../lib/gcc/arm-none-eabi/10.3.1/thumb/v7e-m/nofp/crtn.o
OUTPUT(STM32F407VG_Drivers.elf elf32-littlearm)
LOAD linker stubs
LOAD /app/stm32cubeide/plugins/com.st.stm32cube.ide.mcu.externaltools.gnu-tools-for-stm32.10.3-2021.10.linux64_1.0.200.202301161003/tools/bin/../lib/gcc/arm-none-eabi/10.3.1/../../../../arm-none-eabi/lib/thumb/v7e-m/nofp/libc.a
LOAD /app/stm32cubeide/plugins/com.st.stm32cube.ide.mcu.externaltools.gnu-tools-for-stm32.10.3-2021.10.linux64_1.0.200.202301161003/tools/bin/../lib/gcc/arm-none-eabi/10.3.1/../../../../arm-none-eabi/lib/thumb/v7e-m/nofp/libm.a
LOAD /app/stm32cubeide/plugins/com.st.stm32cube.ide.mcu.externaltools.gnu-tools-for-stm32.10.3-2021.10.linux64_1.0.200.202301161003/tools/bin/../lib/gcc/arm-none-eabi/10.3.1/thumb/v7e-m/nofp/libgcc.a

.debug_info     0x0000000000000000      0xbb1
 .debug_info    0x0000000000000000      0x2e5 ./Src/001led_Toggle.o
 .debug_info    0x00000000000002e5       0x22 ./Startup/startup_stm32f407vgtx.o
 .debug_info    0x0000000000000307      0x8aa ./drivers/Src/stm32f407xx_gpio_driver.o

.debug_abbrev   0x0000000000000000      0x2d5
 .debug_abbrev  0x0000000000000000      0x10e ./Src/001led_Toggle.o
 .debug_abbrev  0x000000000000010e       0x12 ./Startup/startup_stm32f407vgtx.o
 .debug_abbrev  0x0000000000000120      0x1b5 ./drivers/Src/stm32f407xx_gpio_driver.o

.debug_loc      0x0000000000000000      0x47c
 .debug_loc     0x0000000000000000       0x94 ./Src/001led_Toggle.o
 .debug_loc     0x0000000000000094      0x3e8 ./drivers/Src/stm32f407xx_gpio_driver.o

.debug_aranges  0x0000000000000000       0xc0
 .debug_aranges
                0x0000000000000000       0x28 ./Src/001led_Toggle.o
 .debug_aranges
                0x0000000000000028       0x28 ./Startup/startup_stm32f407vgtx.o
 .debug_aranges
                0x0000000000000050       0x70 ./drivers/Src/stm32f407xx_gpio_driver.o

.debug_ranges   0x0000000000000000       0x98
 .debug_ranges  0x0000000000000000       0x18 ./Src/001led_Toggle.o
 .debug_ranges  0x0000000000000018       0x20 ./Startup/startup_stm32f407vgtx.o
 .debug_ranges  0x0000000000000038       0x60 ./drivers/Src/stm32f407xx_gpio_driver.o

.debug_macro    0x0000000000000000     0x3547
 .debug_macro   0x0000000000000000      0x296 ./Src/001led_Toggle.o
 .debug_macro   0x0000000000000296      0xa78 ./Src/001led_Toggle.o
 .debug_macro   0x0000000000000d0e      0x174 ./Src/001led_Toggle.o
 .debug_macro   0x0000000000000e82       0x22 ./Src/001led_Toggle.o
 .debug_macro   0x0000000000000ea4       0x8e ./Src/001led_Toggle.o
 .debug_macro   0x0000000000000f32       0x51 ./Src/001led_Toggle.o
 .debug_macro   0x0000000000000f83      0x103 ./Src/001led_Toggle.o
 .debug_macro   0x0000000000001086       0x6a ./Src/001led_Toggle.o
 .debug_macro   0x00000000000010f0      0x1df ./Src/001led_Toggle.o
 .debug_macro   0x00000000000012cf       0x52 ./Src/001led_Toggle.o
 .debug_macro   0x0000000000001321       0x18 ./Src/001led_Toggle.o
 .debug_macro   0x0000000000001339       0x3c ./Src/001led_Toggle.o
 .debug_macro   0x0000000000001375       0x34 ./Src/001led_Toggle.o
 .debug_macro   0x00000000000013a9       0x16 ./Src/001led_Toggle.o
 .debug_macro   0x00000000000013bf       0x35 ./Src/001led_Toggle.o
 .debug_macro   0x00000000000013f4      0x341 ./Src/001led_Toggle.o
 .debug_macro   0x0000000000001735       0x10 ./Src/001led_Toggle.o
 .debug_macro   0x0000000000001745       0x16 ./Src/001led_Toggle.o
 .debug_macro   0x000000000000175b       0x43 ./Src/001led_Toggle.o
 .debug_macro   0x000000000000179e       0x34 ./Src/001led_Toggle.o
 .debug_macro   0x00000000000017d2       0x10 ./Src/001led_Toggle.o
 .debug_macro   0x00000000000017e2       0x58 ./Src/001led_Toggle.o
 .debug_macro   0x000000000000183a       0x71 ./Src/001led_Toggle.o
 .debug_macro   0x00000000000018ab       0x1c ./Src/001led_Toggle.o
 .debug_macro   0x00000000000018c7      0x12a ./Src/001led_Toggle.o
 .debug_macro   0x00000000000019f1       0x10 ./Src/001led_Toggle.o
 .debug_macro   0x0000000000001a01       0x1c ./Src/001led_Toggle.o
 .debug_macro   0x0000000000001a1d       0x52 ./Src/001led_Toggle.o
 .debug_macro   0x0000000000001a6f       0x22 ./Src/001led_Toggle.o
 .debug_macro   0x0000000000001a91       0x10 ./Src/001led_Toggle.o
 .debug_macro   0x0000000000001aa1       0x52 ./Src/001led_Toggle.o
 .debug_macro   0x0000000000001af3       0xd5 ./Src/001led_Toggle.o
 .debug_macro   0x0000000000001bc8       0x1c ./Src/001led_Toggle.o
 .debug_macro   0x0000000000001be4       0x3d ./Src/001led_Toggle.o
 .debug_macro   0x0000000000001c21       0x16 ./Src/001led_Toggle.o
 .debug_macro   0x0000000000001c37      0x145 ./Src/001led_Toggle.o
 .debug_macro   0x0000000000001d7c       0x16 ./Src/001led_Toggle.o
 .debug_macro   0x0000000000001d92       0x16 ./Src/001led_Toggle.o
 .debug_macro   0x0000000000001da8       0x29 ./Src/001led_Toggle.o
 .debug_macro   0x0000000000001dd1       0x16 ./Src/001led_Toggle.o
 .debug_macro   0x0000000000001de7       0x20 ./Src/001led_Toggle.o
 .debug_macro   0x0000000000001e07       0x22 ./Src/001led_Toggle.o
 .debug_macro   0x0000000000001e29      0x19b ./Src/001led_Toggle.o
 .debug_macro   0x0000000000001fc4      0xe46 ./Src/001led_Toggle.o
 .debug_macro   0x0000000000002e0a       0xc4 ./Src/001led_Toggle.o
 .debug_macro   0x0000000000002ece       0x1c ./Src/001led_Toggle.o
 .debug_macro   0x0000000000002eea       0xec ./Src/001led_Toggle.o
 .debug_macro   0x0000000000002fd6      0x168 ./Src/001led_Toggle.o
 .debug_macro   0x000000000000313e      0x153 ./Src/001led_Toggle.o
 .debug_macro   0x0000000000003291      0x2a0 ./drivers/Src/stm32f407xx_gpio_driver.o
 .debug_macro   0x0000000000003531       0x16 ./drivers/Src/stm32f407xx_gpio_driver.o

.debug_line     0x0000000000000000     0x12f0
 .debug_line    0x0000000000000000      0x683 ./Src/001led_Toggle.o
 .debug_line    0x0000000000000683       0x84 ./Startup/startup_stm32f407vgtx.o
 .debug_line    0x0000000000000707      0xbe9 ./drivers/Src/stm32f407xx_gpio_driver.o

.debug_str      0x0000000000000000     0xd1c6
 .debug_str     0x0000000000000000     0xceff ./Src/001led_Toggle.o
                                       0xd120 (size before relaxing)
 .debug_str     0x000000000000ceff       0x31 ./Startup/startup_stm32f407vgtx.o
                                         0x7a (size before relaxing)
 .debug_str     0x000000000000cf30      0x296 ./drivers/Src/stm32f407xx_gpio_driver.o
                                       0xd39b (size before relaxing)

.comment        0x0000000000000000       0x50
 .comment       0x0000000000000000       0x50 ./Src/001led_Toggle.o
                                         0x51 (size before relaxing)
 .comment       0x0000000000000050       0x51 ./drivers/Src/stm32f407xx_gpio_driver.o

.debug_frame    0x0000000000000000      0x24c
 .debug_frame   0x0000000000000000       0x58 ./Src/001led_Toggle.o
 .debug_frame   0x0000000000000058      0x1c8 ./drivers/Src/stm32f407xx_gpio_driver.o
 .debug_frame   0x0000000000000220       0x2c /app/stm32cubeide/plugins/com.st.stm32cube.ide.mcu.externaltools.gnu-tools-for-stm32.10.3-2021.10.linux64_1.0.200.202301161003/tools/bin/../lib/gcc/arm-none-eabi/10.3.1/../../../../arm-none-eabi/lib/thumb/v7e-m/nofp/libc_nano.a(lib_a-init.o)
